<html>
<body>
<pre>
<h1>礦ision Build Log</h1>
<h2>Tool Versions:</h2>
IDE-Version: μVision V5.35.0.0
Copyright (C) 2021 ARM Ltd and ARM Germany GmbH. All rights reserved.
License Information: 12 User, 12, LIC=03C6R-KBMNA-KPTZY-ILHZQ-85HIC-05TJ1
 
Tool Versions:
Toolchain:       MDK-ARM Plus  Version: 5.35.0.2
Toolchain Path:  C:\Keil_v5\ARM\ARMCC\Bin
C Compiler:      Armcc.exe V5.06 update 7 (build 960)
Assembler:       Armasm.exe V5.06 update 7 (build 960)
Linker/Locator:  ArmLink.exe V5.06 update 7 (build 960)
Library Manager: ArmAr.exe V5.06 update 7 (build 960)
Hex Converter:   FromElf.exe V5.06 update 7 (build 960)
CPU DLL:         SARMCM3.DLL V5.35.0.2
Dialog DLL:      DCM.DLL V1.17.3.0
Target DLL:      UL2CM3.DLL V1.164.0.0
Dialog DLL:      TCM.DLL V1.53.0.0
 
<h2>Project:</h2>
D:\plm\bt\Realtek\project\530BT\software\RTL87X3E-MCU-SDK-Harman-v3.13.2.12_0606\board\evb\single\rtl87x3e_single.uvprojx
Project File Date:  06/07/2025

<h2>Output:</h2>
*** Using Compiler 'V5.06 update 7 (build 960)', folder: 'C:\Keil_v5\ARM\ARMCC\Bin'
Rebuild target 'single_2M_lea_dual_bank0'
Before Build - User command #2: cmd.exe /c rtl87x3e_before_build_script.bat 2M rtl87x3e
已复制         1 个文件。
已复制         1 个文件。
已复制         1 个文件。
已复制         1 个文件。
已复制         1 个文件。
compiling ancs_client.c...
compiling bas.c...
compiling dis.c...
compiling gattc_tbl_storage.c...
compiling image_header.c...
compiling transmit_svc_dongle.c...
compiling ams_client.c...
compiling app_util.c...
compiling bt_ext_ftl.c...
compiling transmit_service.c...
compiling gaps_gatt_client.c...
assembling startup_rtl87x3e.s...
compiling system_rtl87x3.c...
compiling led_module.c...
compiling ota_service.c...
compiling app_cfg.c...
compiling app_main.c...
compiling app_io_msg.c...
compiling app_led.c...
compiling app_key_gpio.c...
compiling app_charger.c...
compiling app_gap.c...
compiling app_report.c...
compiling app_key_process.c...
compiling app_ble_device.c...
compiling app_transfer.c...
compiling app_ble_gap.c...
compiling app_pbap.c...
compiling app_ble_client.c...
compiling app_ble_service.c...
compiling app_ble_common_adv.c...
compiling app_sdp.c...
compiling app_iap.c...
compiling app_roleswap.c...
compiling app_avrcp.c...
compiling app_hfp.c...
compiling app_a2dp.c...
compiling app_gpio_on_off.c...
compiling app_linkback.c...
compiling app_rdtp.c...
compiling app_relay.c...
compiling app_nfc.c...
compiling app_link_util.c...
compiling app_dlps.c...
compiling app_buzeer.c...
compiling app_device.c...
compiling app_mmi.c...
compiling app_test.c...
compiling app_multilink.c...
compiling app_sensor_i2c.c...
compiling app_eq.c...
compiling app_anc.c...
compiling app_bt_policy.c...
compiling app_audio_policy.c...
compiling app_sensor.c...
compiling app_bt_policy_api.c...
compiling app_ota.c...
compiling app_in_out_box.c...
compiling app_io_output.c...
compiling app_cap_touch.c...
compiling app_sensor_px318j.c...
compiling app_bond.c...
compiling app_airplane.c...
compiling app_third_party_srv.c...
compiling app_adc.c...
compiling app_dsp_cfg.c...
compiling app_bt_sniffing.c...
compiling app_audio_passthrough.c...
compiling app_adp.c...
compiling app_console_msg.c...
compiling app_hid.c...
compiling app_spp.c...
compiling app_audio_route.c...
compiling app_qol.c...
compiling app_hearable.c...
compiling app_slide_switch.c...
compiling app_auto_power_off.c...
compiling app_listening_mode.c...
compiling app_line_in.c...
compiling app_cmd.c...
compiling app_ble_bond.c...
compiling app_sensor_jsa.c...
compiling eq_utils.c...
compiling app_one_wire_uart.c...
compiling app_ble_swift_pair.c...
compiling app_single_multilink_customer.c...
compiling app_hfp_ag.c...
compiling app_rtk_fast_pair_adv.c...
compiling app_ota_tooling.c...
compiling app_ble_rand_addr_mgr.c...
compiling app_sniff_mode.c...
compiling app_amp.c...
compiling app_roleswap_control.c...
compiling app_ipc.c...
compiling rtk_charger.c...
compiling eq_ext_ftl.c...
compiling app_tts.c...
compiling app_usb.c...
compiling app_iphone_abs_vol_handle.c...
compiling app_usb_audio.c...
compiling app_usb_mmi.c...
compiling app_audio_passthrough_brightness.c...
compiling app_ble_sc_key_derive.c...
compiling app_dongle_dual_mode.c...
compiling app_bud_loc.c...
compiling ha_ext_ftl.c...
compiling app_spp_capture_dsp_data.c...
compiling app_data_capture.c...
compiling app_dongle_ctrl.c...
compiling app_multilink_customer.c...
compiling app_eq_fitting.c...
compiling app_usb_suspend.c...
compiling app_vendor.c...
compiling app_ble_whitelist.c...
compiling app_sidetone.c...
compiling app_loc_mgr.c...
compiling app_cfu_transfer.c...
compiling app_common_cfu.c...
compiling app_usb_hid_cmd.c...
compiling app_nrec.c...
compiling cli_mp_main.c...
compiling app_bt_point.c...
compiling mp_test.c...
compiling mp_test_vendor.c...
compiling app_qdec.c...
compiling app_gfps_personalized_name.c...
compiling app_ecc.c...
compiling app_ext_charger.c...
compiling app_gfps_timer.c...
compiling app_gfps_device.c...
compiling app_gfps_account_key.c...
compiling single_tone.c...
compiling app_gfps_battery.c...
compiling app_gfps_rfc.c...
compiling app_gfps_sync.c...
compiling app_gfps.c...
compiling app_gfps_link.c...
compiling app_dult_device.c...
compiling app_gfps_finder_adv.c...
compiling app_gfps_psm.c...
compiling app_gfps_finder.c...
compiling app_dult_svc.c...
compiling app_gfps_msg.c...
compiling app_dult.c...
compiling app_sass_policy.c...
compiling app_lea_csis.c...
compiling app_lea_mcp.c...
compiling app_lea_pacs.c...
compiling app_lea_realcast.c...
compiling app_lea_scan.c...
compiling app_lea_profile.c...
compiling ble_bond_sync.c...
compiling ble_audio_bond.c...
compiling app_lea_ascs.c...
compiling app_lea_adv.c...
compiling app_lea_ccp.c...
compiling app_lea_vcs.c...
compiling app_lea_vol_policy.c...
compiling app_lea_mgr.c...
compiling app_lea_unicast_audio.c...
compiling app_lea_broadcast_audio.c...
compiling multitopology_ctrl.c...
compiling app_harman_behaviors.c...
compiling app_harman_ble.c...
compiling app_harman_parser.c...
compiling app_harman_ble_ota.c...
compiling app_harman_report.c...
compiling app_harman_eq.c...
compiling app_harman_adc.c...
compiling app_harman_license.c...
compiling app_harman_vendor_cmd.c...
compiling app_harman_usb_connector_protect.c...
linking...
Program Size: Code=446696 RO-data=168976 RW-data=1452 ZI-data=8432  
After Build - User command #2: cmd.exe /c dual_bank_after_build.bat "C:\Keil_v5\ARM\ARMCC\include\..\bin\fromelf.exe"   "D:\plm\bt\Realtek\project\530BT\software\RTL87X3E-MCU-SDK-Harman-v3.13.2.12_0606\board\evb\single\objects\single.axf"  single  bank0  flash_2M_dualbank rtl87x3e
D:\plm\bt\Realtek\project\530BT\software\RTL87X3E-MCU-SDK-Harman-v3.13.2.12_0606\board\evb\single>echo off 
系统找不到指定的路径。
已复制         1 个文件。
已复制         1 个文件。
"..\..\..\tool\Gadgets\prepend_header.exe"   /app_code "bin\rtl87x3e\flash_2M_dualbank\bank0\single_bank0.bin"
skip updating uuid
<===image ctrl header crc16: 0x0cbc
image header size is 0x400 !
update image header length as 0x71c68 ok!
"..\..\..\tool\Gadgets\prepend_header.exe"  /rsa "..\..\..\tool\Gadgets\default_rsa_key.pem" /app_code "bin\rtl87x3e\flash_2M_dualbank\bank0\single_bank0.bin"
<===image ctrl header crc16: 0x1c5c
  PKCS#1 data sign  : passed
RSA sign image OK.
mp file is D:\plm\bt\Realtek\project\530BT\software\RTL87X3E-MCU-SDK-Harman-v3.13.2.12_0606\board\evb\single\mp.ini!
"..\..\..\tool\Gadgets\prepend_header.exe"  /mp_ini mp.ini /app_code "bin\rtl87x3e\flash_2M_dualbank\bank0\single_bank0.bin"
MP header appending start...
Bin_ID : ID_APP
  OtaVersion not exists in mp.ini [OtaInfo] node, set [OtaInfo] OtaVersion=2
MP header appending OK!
bin\rtl87x3e\flash_2M_dualbank\bank0\single_bank0_MP.bin
%#define%VERSION_MAJOR%3%#define%VERSION_MINOR%13%#define%VERSION_REVISION%2%#define%VERSION_BUILDNUM%856%#define%VERSION_GCID%0xd0ec3815
bin\rtl87x3e\flash_2M_dualbank\bank0\single_bank0_MP-v3.13.2.856-d0ec3815-cbc1a39bf90d37c7c77c9f56f6482aa9.bin
已复制         1 个文件。
已复制         1 个文件。
debug file directory: bin\rtl87x3e\flash_2M_dualbank\bank0
### Extract function table pickle:
		single_bank0_function_table.pickle
### Extract variable table pickle:
		single_bank0_variable_table.pickle
Output Image for Keil Download: "Objects\app_image.hex"
Build Bank: bank0
Download Address: 0x02090000
2025/06/07 14:28 467,048 single_bank0.bin
".\objects\single.axf" - 0 Error(s), 0 Warning(s).

<h2>Software Packages used:</h2>

Package Vendor: ARM
                http://www.keil.com/pack/ARM.CMSIS.5.9.0.pack
                ARM.CMSIS.5.9.0
                CMSIS (Common Microcontroller Software Interface Standard)

<h2>Collection of Component include folders:</h2>
  C:\Users\User\AppData\Local\Arm\Packs\ARM\CMSIS\5.9.0\Device\ARM\ARMCM3\Include

<h2>Collection of Component Files used:</h2>
Build Time Elapsed:  00:00:26
</pre>
</body>
</html>
